Starting Tina build
file:///C:/Github%20Repos/SITE-USTP-Website/node_modules/@tinacms/cli/dist/index.js:1272
      throw new Error(
      ^

Error: Tina Dev server is already in use. Datalayer server is busy on port 9000
    at Server.<anonymous> (file:///C:/Github%20Repos/SITE-USTP-Website/node_modules/@tinacms/cli/dist/index.js:1272:13)
    at Object.onceWrapper (node:events:639:26)
    at Server.emit (node:events:524:28)
    at emitErrorNT (node:net:1944:8)
    at process.processTicksAndRejections (node:internal/process/task_queues:82:21)

Node.js v20.20.0
